O B-artist I-artist B-music_item O O O B-sort
O O O B-artist I-artist O O O B-year
O O B-year O
O O B-sort B-music_item O B-artist I-artist I-artist O B-service
O B-artist O O O B-year
O O B-music_item O B-artist I-artist
O O O B-artist I-artist
O O B-sort B-music_item I-music_item O B-artist O O B-year
O O B-artist I-artist B-music_item O
O O O B-sort O O B-artist I-artist I-artist
O O O O O B-music_item O O B-year
O O O B-sort B-music_item O B-artist I-artist O B-service I-service
O O B-genre O O B-service
O B-track I-track I-track O B-artist I-artist
O B-track I-track I-track I-track O B-service
O O B-artist I-artist
O O O B-service
O O B-music_item B-track I-track I-track O O O B-artist I-artist
O O O B-music_item O B-year
O B-artist I-artist
O O O B-service O B-artist I-artist
O O B-music_item B-track I-track I-track I-track
O B-artist I-artist B-music_item O
O O B-artist I-artist O O B-year
O O B-sort B-music_item O O B-year
O B-playlist I-playlist I-playlist
O O B-music_item O O B-year
O O B-service O B-artist I-artist B-music_item
O O B-sort I-sort B-music_item O B-artist I-artist O B-service I-service
O O B-sort B-music_item O B-year
O B-artist I-artist O O O B-service
O O B-year O
O B-service O O B-artist I-artist B-track I-track I-track I-track I-track
O O B-sort B-music_item O B-artist I-artist O B-service I-service
O O O O B-artist I-artist O B-sort I-sort
O B-album I-album I-album I-album O B-artist I-artist
O O B-genre O
O B-year O O B-artist I-artist I-artist
O O O B-artist I-artist B-music_item O
O B-track I-track O B-artist I-artist
O O B-music_item O B-artist I-artist
O O O B-service
O O B-sort B-music_item O O B-artist
O B-artist I-artist O B-album I-album I-album I-album
O O O O B-sort B-music_item O B-year
O B-playlist I-playlist
O B-artist I-artist O B-service
O B-album I-album I-album I-album O B-artist I-artist
O O B-artist I-artist O O O B-year
O O B-service I-service O O O B-year B-music_item O B-artist
O O B-track I-track I-track
O B-album I-album I-album I-album O B-artist I-artist
O B-playlist O
O O B-music_item O B-artist I-artist I-artist
O B-artist I-artist O O B-service O O B-sort
O B-playlist I-playlist I-playlist I-playlist I-playlist
O B-music_item O O B-artist I-artist O B-service O O B-sort
O O B-music_item B-track I-track I-track
O O B-artist I-artist B-music_item I-music_item O O B-year O B-service
O B-artist I-artist O B-service O O O B-music_item O O O B-sort
O O O B-artist I-artist B-music_item
O O O O O B-artist I-artist B-music_item I-music_item
O O B-year B-music_item I-music_item O B-service
O O B-music_item O B-artist I-artist
O B-music_item O B-artist I-artist I-artist
O O O O B-service
O O B-genre O B-service
O O O O O B-track I-track I-track O B-artist I-artist
O O O B-year B-music_item I-music_item
O O B-music_item O B-artist I-artist O B-service
O O O B-playlist O B-service
O O B-music_item B-album I-album
O O B-year B-music_item
O O B-sort I-sort B-music_item O O B-year O B-artist I-artist
O B-artist I-artist B-music_item B-album I-album I-album
O O B-year B-music_item O B-artist I-artist
O B-album I-album I-album
O O O O B-artist I-artist O O O O B-year
O B-genre I-genre O
O B-artist O B-album
O O B-artist I-artist O O O O O O B-sort
O O O O O O O O B-year
O O O B-artist I-artist O O B-album I-album I-album I-album I-album B-music_item O B-service I-service
O O B-music_item B-album O B-artist I-artist I-artist
O O O O B-music_item O O B-year
O O B-genre I-genre
