O O O O B-party_size_number O O O O O O B-spatial_relation O B-poi O O B-restaurant_type O
O O O O O O O B-sort I-sort B-restaurant_type O B-country
O B-timeRange I-timeRange I-timeRange O O O O O O O B-state B-restaurant_type
O O O O O B-restaurant_type O O B-served_dish O B-country I-country I-country O B-party_size_number
O O O O O B-state I-state
B-restaurant_type O B-country B-timeRange I-timeRange O O B-party_size_number O
O O O O B-party_size_number O O B-sort B-cuisine B-restaurant_type B-spatial_relation I-spatial_relation O B-city
O O O O B-party_size_number O O B-restaurant_type O B-city
O O B-restaurant_type O B-country O B-party_size_number O
O O O O O B-restaurant_type O O B-served_dish O B-city O O O O B-party_size_number
O O B-restaurant_type O B-cuisine O B-timeRange I-timeRange I-timeRange
O O O O B-party_size_number O O B-restaurant_type O O B-served_dish I-served_dish
O O O B-timeRange O O B-restaurant_type O B-party_size_number O O B-served_dish
B-restaurant_name I-restaurant_name I-restaurant_name B-restaurant_type O B-timeRange I-timeRange O B-party_size_description I-party_size_description I-party_size_description I-party_size_description
O O O O B-restaurant_name I-restaurant_name
O O B-restaurant_type O O B-served_dish I-served_dish B-spatial_relation B-poi I-poi O B-party_size_number O
O O B-restaurant_type O B-party_size_number O O B-timeRange O O B-country I-country I-country I-country I-country
O O O O O B-restaurant_type I-restaurant_type O O O O O B-party_size_number O B-state
O O O B-spatial_relation B-poi I-poi I-poi I-poi O O B-sort I-sort O O B-cuisine I-cuisine B-restaurant_type
O O O O O O B-restaurant_type B-spatial_relation B-city O B-party_size_number O O O B-served_dish O B-timeRange
O O B-sort I-sort O O B-state B-timeRange I-timeRange I-timeRange O O B-restaurant_type
O O O O B-party_size_number O B-timeRange O B-state
O O B-restaurant_type O B-party_size_number O B-timeRange I-timeRange
O O O O O O B-party_size_number O O B-city B-state
O O O O O O O B-restaurant_type B-spatial_relation B-country O O O O B-party_size_number O O O B-cuisine
O O O O O O B-timeRange O B-restaurant_name I-restaurant_name I-restaurant_name
O O O O O B-party_size_description I-party_size_description I-party_size_description I-party_size_description O B-country O O B-spatial_relation B-restaurant_type
O O O O O O O O O B-restaurant_type O O B-served_dish B-spatial_relation I-spatial_relation I-spatial_relation I-spatial_relation O B-country I-country
O O B-restaurant_name I-restaurant_name I-restaurant_name I-restaurant_name I-restaurant_name O B-city B-state O B-timeRange I-timeRange I-timeRange
O O O O B-timeRange O B-country I-country I-country I-country I-country O O B-restaurant_type
B-restaurant_type I-restaurant_type O B-country O B-party_size_number
O O O O B-party_size_description I-party_size_description I-party_size_description I-party_size_description O B-restaurant_name I-restaurant_name I-restaurant_name O B-country I-country
O O O O O B-timeRange I-timeRange I-timeRange I-timeRange O O B-restaurant_type O B-party_size_number B-spatial_relation B-state O O O B-served_dish I-served_dish I-served_dish
O O O O O B-restaurant_type I-restaurant_type O B-state
B-timeRange I-timeRange I-timeRange I-timeRange B-party_size_description I-party_size_description I-party_size_description I-party_size_description I-party_size_description O O O B-cuisine O O O B-restaurant_type O B-spatial_relation B-state
O O O O B-party_size_number O O B-facility B-restaurant_type I-restaurant_type O B-country
O O O O O B-timeRange I-timeRange I-timeRange O O B-restaurant_type O O B-served_dish
O O O O O B-party_size_number O O B-restaurant_type O B-state I-state
O O O O O B-party_size_number O O B-restaurant_type O B-cuisine O O B-state O B-timeRange I-timeRange I-timeRange I-timeRange
O O B-cuisine B-restaurant_type O B-party_size_description I-party_size_description I-party_size_description I-party_size_description
O O O O O B-party_size_number O O B-sort B-restaurant_type B-timeRange I-timeRange I-timeRange I-timeRange O B-city
O O B-party_size_number O O B-sort B-restaurant_type I-restaurant_type
O O O O O B-party_size_number O O O B-spatial_relation B-state B-restaurant_type B-timeRange I-timeRange I-timeRange I-timeRange
O O O B-restaurant_type O
O O O O O O B-restaurant_type O B-party_size_number O B-timeRange I-timeRange I-timeRange I-timeRange O B-city
O O B-restaurant_type B-spatial_relation O B-poi
O O O O B-party_size_number O O B-country I-country I-country I-country
O O O O B-restaurant_name I-restaurant_name I-restaurant_name I-restaurant_name I-restaurant_name I-restaurant_name B-spatial_relation O B-poi
O O B-restaurant_type O B-state O O B-served_dish
O O O O O B-cuisine B-restaurant_type O B-state O B-party_size_description I-party_size_description I-party_size_description I-party_size_description I-party_size_description
O O O O O B-sort B-cuisine B-restaurant_type O B-spatial_relation O O O B-timeRange
O O O O O B-party_size_number
O O O O O B-city O B-timeRange I-timeRange I-timeRange O B-restaurant_name I-restaurant_name I-restaurant_name I-restaurant_name I-restaurant_name I-restaurant_name I-restaurant_name
O O O O O B-party_size_number O B-restaurant_name I-restaurant_name O B-country
O O O O O O O O B-party_size_number O B-timeRange
O O O O O O B-party_size_number O B-timeRange I-timeRange I-timeRange O O O O B-state
O O O B-restaurant_type O B-party_size_number O B-city
O O O O O O B-party_size_number B-timeRange I-timeRange I-timeRange O B-restaurant_name I-restaurant_name I-restaurant_name I-restaurant_name
O O O O B-spatial_relation O B-city B-timeRange I-timeRange I-timeRange I-timeRange
O O B-sort B-restaurant_type O B-cuisine O
O O O O O O O B-sort B-restaurant_type
O O O O O B-restaurant_type O B-party_size_number B-spatial_relation B-city
O O O O O B-restaurant_type O B-city B-state
O O O O O O B-restaurant_type I-restaurant_type O O B-served_dish
O O O O O B-poi I-poi I-poi O B-spatial_relation O O O O O B-party_size_number
O O O O O B-restaurant_type O B-party_size_number O B-city
O O O O O O O B-sort B-restaurant_type O B-country O O O O B-party_size_number
O O O O B-restaurant_name I-restaurant_name I-restaurant_name O B-party_size_number O B-timeRange I-timeRange I-timeRange
O O O O O B-restaurant_type O O B-facility O O O O O O B-party_size_number
O O B-restaurant_name I-restaurant_name O B-city B-state
O O O O B-poi I-poi B-restaurant_type B-spatial_relation O B-party_size_number B-timeRange I-timeRange I-timeRange I-timeRange
O O O O O B-party_size_number O O B-sort I-sort B-restaurant_type O B-country
O O O O B-city O B-timeRange I-timeRange O O B-sort I-sort B-cuisine B-restaurant_type
O O O O B-restaurant_name I-restaurant_name I-restaurant_name I-restaurant_name O O B-spatial_relation B-state
O O O O O B-restaurant_name I-restaurant_name O B-party_size_description I-party_size_description I-party_size_description I-party_size_description I-party_size_description O B-timeRange I-timeRange
O O O O O B-sort B-restaurant_type B-timeRange I-timeRange O B-party_size_number B-spatial_relation B-country
O O O O O O B-sort B-restaurant_type I-restaurant_type O B-cuisine O B-spatial_relation I-spatial_relation I-spatial_relation I-spatial_relation O B-state O B-party_size_description I-party_size_description I-party_size_description I-party_size_description I-party_size_description
O O B-restaurant_type B-spatial_relation I-spatial_relation B-poi I-poi I-poi I-poi I-poi O B-served_dish B-timeRange I-timeRange I-timeRange I-timeRange
O O O O O O B-sort I-sort B-restaurant_type O B-cuisine B-spatial_relation B-state B-timeRange I-timeRange
O O O O B-party_size_number O O O
O O O O O B-country I-country O B-party_size_number O B-restaurant_name I-restaurant_name
O O O O O O B-restaurant_type O B-city I-city B-state
O O O O O B-restaurant_type B-spatial_relation I-spatial_relation I-spatial_relation O B-state
O O B-restaurant_type O B-city
O O O O O O O B-facility B-restaurant_type O O O O B-party_size_number
O O O O B-party_size_number O B-timeRange I-timeRange
O O O O B-party_size_description I-party_size_description I-party_size_description I-party_size_description O O B-restaurant_type O B-timeRange
O O B-restaurant_type O O B-cuisine O B-party_size_number O B-timeRange
O O B-party_size_number O O B-city
O O O O O B-party_size_number O B-restaurant_name I-restaurant_name I-restaurant_name O B-country I-country
O O B-restaurant_type O B-party_size_number O O B-timeRange I-timeRange
O O O O O O O O O B-country O B-party_size_description I-party_size_description I-party_size_description I-party_size_description I-party_size_description
