O O B-object_select B-object_type B-rating_value O B-best_rating B-rating_unit
O O B-object_name I-object_name I-object_name O B-rating_value B-rating_unit
O B-object_name I-object_name I-object_name I-object_name B-rating_value O B-best_rating B-rating_unit
O B-object_name I-object_name I-object_name I-object_name I-object_name I-object_name I-object_name I-object_name I-object_name I-object_name B-rating_value O O B-best_rating
O O B-object_part_of_series_type B-object_name I-object_name I-object_name O B-rating_value
O O B-object_type B-object_name I-object_name I-object_name I-object_name I-object_name I-object_name I-object_name I-object_name I-object_name O B-rating_value
O O B-object_select B-object_type B-rating_value B-rating_unit
O O B-object_name I-object_name O O B-rating_value
O B-rating_value O O B-best_rating B-rating_unit O B-object_select B-object_type
O B-object_select B-object_type O B-rating_value
O B-object_name I-object_name I-object_name I-object_name I-object_name I-object_name I-object_name O B-rating_value
O B-rating_value O O B-object_select B-object_type
O O B-object_select B-object_part_of_series_type O B-rating_value
B-object_name I-object_name I-object_name I-object_name I-object_name I-object_name O O O O O B-best_rating O O O O B-rating_value
O O O B-object_name I-object_name I-object_name I-object_name I-object_name I-object_name B-rating_value B-rating_unit O O O O O B-best_rating
O O O O O B-object_select B-object_part_of_series_type O B-rating_value O O B-best_rating B-rating_unit
O B-object_name I-object_name I-object_name I-object_name B-rating_value O O B-best_rating
O O B-object_select B-object_type B-rating_value B-rating_unit O O B-best_rating
O B-object_select B-object_type O B-rating_value
B-object_name I-object_name I-object_name O O O O B-rating_value O O B-best_rating B-rating_unit O O
O O B-object_select B-object_part_of_series_type B-rating_value B-rating_unit
O B-object_select B-object_type B-rating_value O B-best_rating
O O O B-object_name I-object_name I-object_name I-object_name I-object_name I-object_name O B-rating_value O O B-best_rating B-rating_unit
O B-object_select B-object_type B-rating_value O O B-best_rating
O O B-object_select B-object_type B-rating_value O O B-best_rating
O B-object_select B-object_type B-rating_value B-rating_unit
O O O O O B-object_select B-object_type B-rating_value O O B-best_rating B-rating_unit
O O O B-object_name I-object_name I-object_name I-object_name B-rating_value B-rating_unit O O O O O B-best_rating
O O B-object_select B-object_type O B-rating_value
O B-object_select B-object_type O B-rating_value B-rating_unit
O O B-object_type B-object_name I-object_name I-object_name I-object_name O B-rating_value
O O O O B-object_name I-object_name I-object_name O B-rating_value
O B-object_name I-object_name I-object_name B-rating_value B-rating_unit
O O B-object_select B-object_type B-rating_value O B-best_rating B-rating_unit
O B-rating_value O O B-best_rating B-rating_unit O O B-object_select B-object_type
O O B-object_select B-object_type B-rating_value B-rating_unit
O B-object_select B-object_type B-rating_value O B-best_rating B-rating_unit
B-object_name O O O O O O O B-rating_value O O B-best_rating
O O O B-object_name I-object_name I-object_name I-object_name O O O O B-best_rating O O O O B-rating_value
O O O O O B-object_part_of_series_type B-object_name I-object_name I-object_name I-object_name B-rating_value B-rating_unit
O O O O B-object_select B-object_type B-rating_value B-rating_unit O O O O O B-best_rating
O B-object_select B-object_type O B-rating_value
O O B-object_name I-object_name I-object_name I-object_name I-object_name O B-rating_value O B-best_rating
O B-object_name I-object_name I-object_name I-object_name I-object_name I-object_name B-rating_value O B-best_rating
O O B-object_name I-object_name I-object_name B-rating_value B-rating_unit O O B-best_rating
O B-object_part_of_series_type B-object_name I-object_name O B-rating_value B-rating_unit O O
O B-object_name I-object_name I-object_name B-rating_value O B-best_rating B-rating_unit
O B-object_type B-object_name I-object_name I-object_name O O B-rating_value B-rating_unit O O O
O B-object_select B-object_type O B-rating_value
O B-object_name I-object_name B-rating_value B-rating_unit O O B-best_rating
O O O B-object_part_of_series_type B-object_name I-object_name I-object_name I-object_name O B-rating_value O B-best_rating B-rating_unit
O B-object_name I-object_name I-object_name I-object_name B-rating_value O B-best_rating
O B-object_name I-object_name B-rating_value O O B-best_rating
O B-rating_value B-rating_unit O B-object_select B-object_type
O B-object_select B-object_type O B-rating_value O O B-best_rating
O B-object_select B-object_part_of_series_type O B-rating_value
O B-object_name I-object_name I-object_name I-object_name I-object_name I-object_name B-rating_value O B-best_rating
O O O O B-object_name I-object_name I-object_name B-rating_value O O B-best_rating
O O B-object_select B-object_part_of_series_type I-object_part_of_series_type B-rating_value O O B-best_rating B-rating_unit
O B-rating_value O O B-object_name I-object_name I-object_name
O B-object_name I-object_name I-object_name B-rating_value
O B-rating_value B-rating_unit O B-object_name I-object_name I-object_name
O B-object_select B-object_part_of_series_type B-rating_value O O B-best_rating
O O B-object_select B-object_type B-rating_value O O B-best_rating B-rating_unit
O O B-object_select B-object_part_of_series_type O O B-rating_value O B-best_rating B-rating_unit
O O B-object_select B-object_type O B-rating_value
O B-object_select B-object_type B-rating_value O B-best_rating B-rating_unit
O B-object_name I-object_name I-object_name I-object_name B-rating_value O B-best_rating B-rating_unit
B-object_select B-object_type O O B-rating_value
O B-object_select B-object_type O B-rating_value
O B-object_name I-object_name I-object_name I-object_name O B-rating_value
O B-object_name I-object_name I-object_name I-object_name B-rating_value O B-best_rating
O B-object_select B-object_type B-rating_value B-rating_unit
O O O O B-object_select B-object_type I-object_type B-rating_value O O B-best_rating B-rating_unit
O B-object_name I-object_name I-object_name I-object_name B-rating_value B-rating_unit
O B-object_select B-object_type O O B-rating_value O
O O B-object_type O B-object_name I-object_name B-rating_value B-rating_unit
O O O B-object_type B-object_name I-object_name I-object_name I-object_name I-object_name O B-rating_value O
O B-object_select B-object_type B-rating_value B-rating_unit O O B-best_rating
O B-object_select B-object_type B-rating_value O O B-best_rating
