O B-artist I-artist O O B-playlist I-playlist O
O B-artist I-artist O B-playlist_owner B-playlist I-playlist I-playlist I-playlist I-playlist I-playlist I-playlist I-playlist
O O B-music_item B-playlist I-playlist I-playlist I-playlist I-playlist O B-playlist_owner O
O O B-music_item O B-artist I-artist O B-playlist I-playlist O
O O O B-playlist B-entity_name
O O B-music_item O B-playlist I-playlist I-playlist
O B-entity_name I-entity_name O B-playlist I-playlist I-playlist I-playlist I-playlist O
O O O B-music_item O B-playlist_owner O O B-playlist I-playlist I-playlist
O O O B-entity_name O B-playlist_owner O O B-playlist
O O B-music_item O B-playlist I-playlist
O B-entity_name O B-playlist I-playlist
O B-music_item O B-playlist_owner B-playlist I-playlist O
O B-entity_name I-entity_name I-entity_name I-entity_name O B-playlist I-playlist
O B-artist I-artist O B-playlist_owner B-playlist I-playlist I-playlist I-playlist
O B-entity_name O O B-playlist I-playlist O
O O B-artist I-artist B-music_item O O B-playlist I-playlist I-playlist I-playlist O
O O B-music_item O O B-playlist I-playlist O
O B-playlist O O O B-artist I-artist
O B-entity_name I-entity_name O B-playlist_owner B-playlist I-playlist O
O O O O B-entity_name I-entity_name I-entity_name O O O O B-playlist I-playlist I-playlist
O B-artist I-artist B-music_item O B-playlist_owner B-playlist I-playlist
O O B-music_item B-artist I-artist I-artist O B-playlist I-playlist
O B-entity_name I-entity_name O B-playlist_owner B-playlist I-playlist I-playlist I-playlist O
O B-playlist_owner B-playlist O O B-entity_name I-entity_name I-entity_name I-entity_name I-entity_name
O O B-music_item O B-playlist
O O O B-artist I-artist B-music_item O B-playlist_owner B-playlist I-playlist I-playlist I-playlist O
O B-artist O O B-playlist I-playlist O
O B-artist I-artist O B-playlist I-playlist I-playlist
O O B-music_item O B-playlist I-playlist I-playlist I-playlist I-playlist
O B-entity_name I-entity_name O B-playlist_owner B-playlist O
O B-artist I-artist O B-playlist_owner I-playlist_owner B-playlist I-playlist
O O O O B-music_item O B-playlist_owner B-playlist I-playlist I-playlist O
O B-entity_name I-entity_name I-entity_name I-entity_name I-entity_name O O B-playlist I-playlist O
O O B-music_item O B-artist I-artist O B-playlist_owner B-playlist I-playlist I-playlist I-playlist I-playlist I-playlist I-playlist O
O B-artist I-artist O B-playlist_owner B-playlist I-playlist I-playlist O
O O O B-entity_name O B-playlist I-playlist I-playlist
O B-entity_name I-entity_name I-entity_name I-entity_name I-entity_name O B-playlist_owner B-playlist I-playlist O
O O B-music_item O B-playlist I-playlist I-playlist
B-playlist I-playlist I-playlist I-playlist O O O B-artist I-artist I-artist O O
O O B-artist I-artist B-music_item O O B-playlist I-playlist O
O O B-music_item O B-playlist_owner B-playlist I-playlist O
O B-artist I-artist B-music_item O B-playlist I-playlist I-playlist I-playlist O
O B-music_item B-artist I-artist I-artist O B-playlist_owner B-playlist I-playlist I-playlist O
O O B-entity_name I-entity_name I-entity_name I-entity_name O O B-playlist_owner B-playlist I-playlist I-playlist O
O B-artist I-artist I-artist O B-music_item O O O B-playlist_owner B-playlist I-playlist O
O O B-playlist_owner B-playlist I-playlist I-playlist O O B-artist I-artist
O O B-music_item O O B-playlist I-playlist O
O O O B-entity_name I-entity_name I-entity_name I-entity_name O O O O B-playlist I-playlist
O O B-music_item O B-artist I-artist O B-playlist I-playlist
O B-music_item O B-playlist
O B-entity_name I-entity_name I-entity_name O B-playlist_owner B-playlist I-playlist I-playlist O
O O O O B-entity_name I-entity_name O B-playlist_owner O O B-playlist
O O O B-artist I-artist O B-playlist_owner B-playlist I-playlist O
O B-music_item O B-playlist_owner O B-playlist I-playlist
O B-entity_name I-entity_name I-entity_name I-entity_name I-entity_name I-entity_name O O B-playlist I-playlist O
O O B-music_item O O B-playlist I-playlist I-playlist O
O O O O B-music_item O B-artist I-artist O B-playlist_owner O O B-playlist I-playlist I-playlist
O B-artist I-artist O B-playlist_owner B-playlist I-playlist I-playlist I-playlist O
O O O B-music_item O B-playlist_owner B-playlist I-playlist O
O B-artist I-artist O B-playlist_owner B-playlist I-playlist O
O O B-music_item O B-playlist_owner B-playlist I-playlist O
O B-music_item O B-playlist I-playlist I-playlist O
O B-artist O B-playlist_owner B-playlist I-playlist I-playlist O
O B-music_item O B-playlist I-playlist O
O O B-music_item O B-playlist_owner B-playlist O
O B-playlist_owner O B-playlist O O O B-entity_name I-entity_name I-entity_name
O O B-music_item O B-playlist_owner I-playlist_owner B-playlist I-playlist O
O B-artist I-artist O B-playlist_owner B-playlist I-playlist I-playlist I-playlist O
O B-artist O B-playlist_owner B-playlist I-playlist O
O B-artist I-artist I-artist O B-playlist_owner B-playlist I-playlist O
O B-entity_name O B-playlist_owner B-playlist I-playlist I-playlist I-playlist O
O O B-music_item O B-artist I-artist O B-playlist_owner B-playlist I-playlist I-playlist I-playlist O
O O B-artist I-artist O B-playlist_owner B-playlist I-playlist I-playlist I-playlist O
O O B-artist I-artist I-artist B-music_item O B-playlist_owner O O B-playlist I-playlist I-playlist
O O O O O O B-playlist I-playlist I-playlist O B-playlist_owner O B-music_item
O O O O O B-entity_name O B-playlist I-playlist I-playlist I-playlist I-playlist I-playlist
O B-artist O B-playlist_owner I-playlist_owner B-playlist I-playlist O
O O B-artist I-artist O B-playlist_owner O B-playlist I-playlist I-playlist
O B-entity_name O B-playlist I-playlist
O O B-music_item O B-playlist_owner B-playlist I-playlist I-playlist I-playlist I-playlist O
O O O O O O O O B-music_item O B-playlist_owner B-playlist I-playlist O
O B-entity_name I-entity_name I-entity_name O B-playlist_owner I-playlist_owner B-playlist I-playlist O
O B-entity_name I-entity_name I-entity_name I-entity_name O B-playlist_owner B-playlist I-playlist O
O B-entity_name I-entity_name I-entity_name I-entity_name O B-playlist_owner B-playlist I-playlist O
O B-entity_name O B-playlist_owner B-playlist I-playlist O
O B-artist I-artist I-artist O B-playlist I-playlist
O O B-artist I-artist O B-playlist_owner O B-playlist I-playlist I-playlist
O B-artist I-artist B-music_item O B-playlist I-playlist I-playlist I-playlist I-playlist
O O B-music_item O B-artist O B-playlist_owner B-playlist I-playlist O
O B-artist I-artist I-artist O B-playlist_owner B-playlist I-playlist I-playlist I-playlist I-playlist O
O B-music_item O B-playlist_owner B-playlist I-playlist O
O B-artist I-artist I-artist O B-playlist_owner B-playlist I-playlist O
O B-entity_name I-entity_name O B-playlist I-playlist
O O O O B-entity_name I-entity_name O B-playlist_owner B-playlist I-playlist I-playlist I-playlist I-playlist O
O O B-music_item O B-artist I-artist O B-playlist_owner I-playlist_owner B-playlist I-playlist I-playlist I-playlist O
O O B-music_item O B-playlist I-playlist I-playlist I-playlist I-playlist I-playlist O
O O O O B-artist I-artist O B-music_item O O O B-playlist I-playlist I-playlist O
O O O O O B-music_item O O B-playlist I-playlist I-playlist O
O O B-music_item O B-playlist_owner B-playlist I-playlist O
O O B-music_item O B-playlist_owner B-playlist I-playlist O
O B-artist I-artist O B-playlist I-playlist I-playlist I-playlist I-playlist
O O B-music_item O B-playlist_owner B-playlist I-playlist I-playlist O
O B-music_item O B-playlist_owner B-playlist I-playlist I-playlist O
O O B-music_item O B-playlist I-playlist I-playlist
O B-entity_name I-entity_name I-entity_name O B-playlist I-playlist I-playlist
O O B-artist I-artist B-music_item O O B-playlist I-playlist O
O B-music_item O B-playlist_owner B-playlist I-playlist
O B-entity_name I-entity_name O B-playlist_owner I-playlist_owner B-playlist I-playlist I-playlist I-playlist I-playlist I-playlist
O B-music_item O B-playlist I-playlist
O B-entity_name I-entity_name O B-playlist I-playlist
O O B-artist I-artist B-music_item O B-playlist_owner B-playlist I-playlist
O O O O O B-music_item O B-playlist I-playlist
O O O O O O O B-artist I-artist O B-playlist_owner B-playlist I-playlist I-playlist I-playlist I-playlist O
O B-entity_name I-entity_name I-entity_name I-entity_name O B-playlist I-playlist I-playlist I-playlist
O B-artist B-music_item O B-playlist I-playlist I-playlist
O O O O B-music_item O O O B-playlist I-playlist I-playlist
O O O B-artist I-artist I-artist O B-music_item O O B-playlist I-playlist O
O O O O B-artist I-artist O B-playlist I-playlist I-playlist
O O B-artist I-artist B-music_item O B-playlist I-playlist I-playlist I-playlist
O O O O B-music_item O B-artist I-artist O B-playlist_owner I-playlist_owner B-playlist I-playlist I-playlist O
O B-artist I-artist O B-playlist I-playlist
O O B-music_item O B-playlist_owner B-playlist O
O O B-playlist_owner O B-playlist I-playlist I-playlist O B-music_item
O B-artist I-artist O B-playlist_owner B-playlist I-playlist I-playlist I-playlist O
