O O O O O O B-movie_type I-movie_type O O B-spatial_relation I-spatial_relation
O B-movie_name I-movie_name O B-timeRange O O B-object_location_type I-object_location_type
O B-movie_type O O O B-location_name I-location_name
O B-movie_name I-movie_name I-movie_name
O B-object_location_type I-object_location_type O O B-movie_name I-movie_name I-movie_name I-movie_name I-movie_name I-movie_name
O O B-object_type I-object_type
B-timeRange I-timeRange I-timeRange O B-movie_name I-movie_name I-movie_name
O B-movie_type O O B-spatial_relation
O O B-object_type I-object_type
O B-movie_name I-movie_name O B-location_name I-location_name
O O B-object_type O B-spatial_relation B-movie_type I-movie_type
O O B-object_type I-object_type O B-movie_type I-movie_type B-spatial_relation I-spatial_relation
O B-movie_name I-movie_name I-movie_name
O O O B-movie_name I-movie_name I-movie_name O O O B-location_name I-location_name
O O O O B-movie_name I-movie_name O
O O O B-movie_name I-movie_name O O
O O O B-movie_name I-movie_name I-movie_name O
O O B-object_type O B-movie_type O B-timeRange O B-location_name I-location_name I-location_name
O O B-object_type I-object_type
O O B-movie_name I-movie_name I-movie_name O
O O B-movie_name I-movie_name I-movie_name B-location_name I-location_name
O B-movie_type I-movie_type O O B-spatial_relation I-spatial_relation I-spatial_relation
O O B-movie_name I-movie_name I-movie_name I-movie_name I-movie_name I-movie_name O
O O O B-location_name I-location_name O B-movie_name I-movie_name I-movie_name I-movie_name I-movie_name
O O O O B-object_type I-object_type
O O O O O O B-movie_type O O O B-object_type I-object_type B-spatial_relation
O O B-object_type I-object_type O B-location_name I-location_name
O O O B-object_type I-object_type
O O B-object_type O B-movie_name I-movie_name I-movie_name I-movie_name I-movie_name O O B-spatial_relation B-object_location_type I-object_location_type
O O O O O B-object_type I-object_type O B-location_name I-location_name
O B-movie_type I-movie_type O B-spatial_relation B-object_location_type I-object_location_type
O O O O B-movie_name I-movie_name I-movie_name O O O B-timeRange I-timeRange I-timeRange I-timeRange
O B-movie_type O O O B-spatial_relation B-object_location_type
O O O B-object_type I-object_type
O O B-object_type I-object_type O B-movie_type B-spatial_relation I-spatial_relation I-spatial_relation
O O O O O O B-movie_name O B-object_location_type I-object_location_type O B-timeRange I-timeRange
O O B-object_type O B-movie_name I-movie_name I-movie_name I-movie_name I-movie_name O O B-spatial_relation B-object_location_type B-timeRange I-timeRange I-timeRange
O O B-object_type I-object_type O B-movie_type I-movie_type O B-timeRange I-timeRange I-timeRange I-timeRange B-spatial_relation I-spatial_relation I-spatial_relation
O O O B-spatial_relation B-object_location_type I-object_location_type O B-movie_name I-movie_name I-movie_name O B-timeRange I-timeRange
O B-movie_type I-movie_type B-spatial_relation I-spatial_relation O O B-object_type I-object_type
O O O B-movie_name I-movie_name I-movie_name O
O O B-movie_type I-movie_type O O B-location_name I-location_name I-location_name
O B-movie_type O O O B-spatial_relation I-spatial_relation I-spatial_relation
O O O B-movie_type O O O B-location_name I-location_name
O B-object_type I-object_type
O B-object_type I-object_type
O O B-object_type I-object_type O O
O B-movie_name I-movie_name
O O O B-spatial_relation B-object_location_type I-object_location_type O B-movie_name I-movie_name I-movie_name I-movie_name I-movie_name
O O O O B-object_type I-object_type O B-location_name I-location_name
O B-object_type I-object_type
O B-object_type I-object_type O B-location_name I-location_name I-location_name
O B-object_type I-object_type O B-movie_type O B-spatial_relation I-spatial_relation
O O O B-movie_name I-movie_name I-movie_name I-movie_name I-movie_name B-timeRange I-timeRange I-timeRange
O O O B-spatial_relation B-object_location_type O B-movie_name I-movie_name I-movie_name I-movie_name I-movie_name
O B-movie_type O B-spatial_relation I-spatial_relation
O B-movie_name I-movie_name I-movie_name I-movie_name O O B-location_name I-location_name I-location_name
O B-movie_type I-movie_type O O O O B-spatial_relation B-object_location_type I-object_location_type
O O O O O B-movie_name I-movie_name I-movie_name I-movie_name
O O O B-object_type O B-movie_type B-spatial_relation I-spatial_relation I-spatial_relation
O B-movie_type I-movie_type O O B-spatial_relation
O O O O O O O O O B-movie_name I-movie_name I-movie_name I-movie_name I-movie_name I-movie_name I-movie_name I-movie_name I-movie_name O B-location_name I-location_name
O O B-object_location_type I-object_location_type O B-timeRange O B-movie_name I-movie_name I-movie_name I-movie_name
O B-object_type I-object_type
O O O B-movie_type I-movie_type O O O O O B-spatial_relation B-object_location_type I-object_location_type
O O O B-movie_name I-movie_name O O O B-object_location_type I-object_location_type
O O O B-movie_name I-movie_name I-movie_name I-movie_name I-movie_name I-movie_name O O O B-object_location_type I-object_location_type
O O O O O B-movie_name I-movie_name I-movie_name
O O O B-location_name I-location_name O O B-movie_name I-movie_name
O O O B-movie_name I-movie_name I-movie_name O O B-location_name I-location_name
O O O B-spatial_relation B-object_location_type I-object_location_type O B-movie_name I-movie_name I-movie_name I-movie_name I-movie_name I-movie_name
O B-movie_type I-movie_type O O B-spatial_relation I-spatial_relation I-spatial_relation O O
O B-movie_name I-movie_name I-movie_name I-movie_name O O O B-spatial_relation B-object_location_type O B-timeRange
O O O O O O B-movie_type I-movie_type B-spatial_relation I-spatial_relation I-spatial_relation
O O O B-object_type I-object_type O B-location_name I-location_name
O O O B-object_type I-object_type
O O O O O B-movie_name I-movie_name I-movie_name O O B-object_location_type I-object_location_type
O O B-object_type I-object_type O B-movie_type I-movie_type B-spatial_relation O B-timeRange I-timeRange
O O O B-movie_name I-movie_name O
O B-movie_type O O B-location_name I-location_name
O O O O O B-movie_name I-movie_name
O O B-movie_type O B-location_name I-location_name
O O O O B-object_type I-object_type
O B-movie_type O O O O B-spatial_relation B-object_location_type
O O O O B-movie_type O O O B-spatial_relation B-object_location_type I-object_location_type
O O O O B-object_type I-object_type O B-location_name I-location_name
O O O O O B-movie_name I-movie_name I-movie_name I-movie_name
O O O O O B-movie_name I-movie_name
O B-movie_name I-movie_name I-movie_name I-movie_name O
O O O O B-object_type I-object_type
O O O O B-object_type I-object_type
O O O O O B-movie_name
O B-object_type I-object_type O B-location_name I-location_name
O B-movie_type O O B-spatial_relation I-spatial_relation I-spatial_relation
O B-movie_type I-movie_type O O B-spatial_relation I-spatial_relation I-spatial_relation O O
O B-object_type I-object_type O B-location_name I-location_name
O O O B-object_type I-object_type B-timeRange
O B-movie_name I-movie_name I-movie_name I-movie_name I-movie_name
O O O B-object_type O B-movie_name I-movie_name I-movie_name I-movie_name O B-object_location_type B-spatial_relation
O O O B-object_type I-object_type
O B-object_type I-object_type O B-location_name I-location_name I-location_name
O O B-movie_name I-movie_name I-movie_name O
O O O B-movie_type B-object_type I-object_type B-spatial_relation
O O O O B-movie_name I-movie_name I-movie_name I-movie_name
O O O B-spatial_relation B-object_location_type I-object_location_type O B-movie_name I-movie_name I-movie_name I-movie_name
O O B-object_type I-object_type O B-location_name I-location_name I-location_name
O O B-object_type I-object_type O B-movie_type I-movie_type B-spatial_relation I-spatial_relation O B-timeRange I-timeRange I-timeRange
