O O B-object_type O B-object_name I-object_name I-object_name
O O O O O B-object_type I-object_type B-object_name I-object_name I-object_name
O O B-object_name I-object_name I-object_name B-object_type
O O B-object_type I-object_type O B-object_name I-object_name I-object_name
O B-object_name I-object_name I-object_name I-object_name I-object_name I-object_name
O O B-object_name I-object_name I-object_name B-object_type I-object_type O O
O O O B-object_name I-object_name I-object_name
O O B-object_name I-object_name I-object_name I-object_name I-object_name B-object_type
O O B-object_type I-object_type O B-object_name I-object_name
O O O O B-object_name I-object_name
O O O B-object_name I-object_name I-object_name
O O O B-object_type I-object_type B-object_name I-object_name I-object_name I-object_name
O O B-object_type I-object_type O B-object_name I-object_name I-object_name I-object_name
O O B-object_type I-object_type O B-object_name I-object_name I-object_name
O O O O O B-object_type B-object_name I-object_name I-object_name I-object_name I-object_name I-object_name
O O B-object_name I-object_name I-object_name I-object_name
O O B-object_type I-object_type B-object_name I-object_name I-object_name
O O O O O B-object_name I-object_name B-object_type
O O B-object_type O B-object_name I-object_name
O O B-object_type B-object_name I-object_name I-object_name I-object_name I-object_name
O O O O O B-object_name I-object_name I-object_name I-object_name I-object_name I-object_name I-object_name B-object_type
O O O O B-object_name
O O O O O B-object_type B-object_name I-object_name I-object_name I-object_name I-object_name I-object_name I-object_name I-object_name
O O O B-object_name B-object_type
O O O O O B-object_type I-object_type O B-object_name I-object_name I-object_name
O O O B-object_name
O O O O B-object_type B-object_name I-object_name I-object_name I-object_name
O B-object_name I-object_name I-object_name I-object_name
O O O O O O B-object_name
O O B-object_type I-object_type O B-object_name I-object_name
O O O B-object_type I-object_type O B-object_name I-object_name
O O B-object_type O B-object_name I-object_name I-object_name I-object_name
O O B-object_type B-object_name I-object_name I-object_name
O O O O O B-object_name O O B-object_type O
O B-object_name I-object_name I-object_name I-object_name
O O B-object_name I-object_name I-object_name I-object_name I-object_name B-object_type
O O B-object_type B-object_name I-object_name I-object_name I-object_name
O O B-object_type I-object_type O B-object_name
O B-object_name I-object_name I-object_name I-object_name I-object_name
O O O O O B-object_type O B-object_name I-object_name
O O O O O B-object_type B-object_name I-object_name
O B-object_name I-object_name I-object_name I-object_name I-object_name O B-object_type
O O B-object_name I-object_name I-object_name I-object_name I-object_name I-object_name I-object_name I-object_name I-object_name B-object_type
O B-object_name I-object_name I-object_name I-object_name O B-object_type
O O B-object_name I-object_name I-object_name I-object_name I-object_name B-object_type
O O O B-object_type B-object_name I-object_name I-object_name I-object_name I-object_name I-object_name I-object_name
O B-object_name I-object_name I-object_name I-object_name O B-object_type
O B-object_name I-object_name I-object_name I-object_name I-object_name I-object_name B-object_type
O O O O O B-object_type I-object_type O O B-object_name I-object_name I-object_name I-object_name I-object_name
O O O O O O O B-object_type O B-object_name I-object_name I-object_name I-object_name I-object_name I-object_name I-object_name
O B-object_name I-object_name I-object_name O B-object_type
O O B-object_type I-object_type O B-object_name
O O O B-object_name I-object_name I-object_name B-object_type
O O O O O B-object_type B-object_name I-object_name I-object_name
O O O B-object_name I-object_name I-object_name I-object_name I-object_name I-object_name I-object_name I-object_name I-object_name B-object_type I-object_type
O O O B-object_name I-object_name B-object_type I-object_type
O O O O O O B-object_type B-object_name I-object_name
O O B-object_type B-object_name I-object_name
O O O B-object_type I-object_type B-object_name I-object_name I-object_name
O O O O O B-object_type I-object_type O B-object_name
O O B-object_type B-object_name I-object_name I-object_name I-object_name I-object_name
O B-object_name I-object_name I-object_name I-object_name
O O O O O O B-object_type B-object_name I-object_name I-object_name
O O O O B-object_name I-object_name I-object_name O B-object_type I-object_type
O O B-object_type I-object_type B-object_name I-object_name I-object_name
O O O O B-object_type I-object_type B-object_name I-object_name
O B-object_type I-object_type O B-object_name I-object_name I-object_name I-object_name I-object_name I-object_name I-object_name I-object_name
O O B-object_type I-object_type B-object_name I-object_name I-object_name
O O B-object_type O B-object_name I-object_name I-object_name I-object_name I-object_name
O B-object_name I-object_name I-object_name I-object_name I-object_name I-object_name
O O B-object_name I-object_name B-object_type
O O O B-object_type O O O B-object_name
O O O O B-object_name I-object_name I-object_name I-object_name I-object_name I-object_name
O O B-object_name I-object_name I-object_name I-object_name
O O O O O B-object_type O B-object_name I-object_name
O O B-object_name I-object_name I-object_name I-object_name I-object_name I-object_name I-object_name I-object_name I-object_name
O O O B-object_type I-object_type B-object_name I-object_name I-object_name I-object_name
O O O O O B-object_type I-object_type B-object_name I-object_name I-object_name I-object_name
O O O O B-object_name I-object_name I-object_name I-object_name
O O O B-object_type B-object_name I-object_name I-object_name
O O O O O B-object_name I-object_name I-object_name I-object_name I-object_name I-object_name B-object_type
O O O O O B-object_name I-object_name I-object_name I-object_name B-object_type I-object_type
O O O O O B-object_type O B-object_name I-object_name I-object_name I-object_name
O B-object_name I-object_name B-object_type
O O B-object_name I-object_name
O O O O O O B-object_type B-object_name I-object_name I-object_name I-object_name
O B-object_name I-object_name I-object_name I-object_name I-object_name
O O O B-object_type O B-object_name I-object_name I-object_name
O O O O O B-object_type I-object_type B-object_name I-object_name I-object_name I-object_name
O O O O B-object_name I-object_name
O O B-object_type B-object_name
O B-object_name I-object_name I-object_name B-object_type
O O O B-object_name I-object_name I-object_name B-object_type
O O B-object_type B-object_name I-object_name
O O B-object_type O B-object_name I-object_name I-object_name I-object_name
O O O B-object_type O B-object_name I-object_name I-object_name I-object_name I-object_name
O O O O B-object_name I-object_name I-object_name I-object_name
O O B-object_type I-object_type B-object_name I-object_name I-object_name
O B-object_name I-object_name B-object_type
O O B-object_name I-object_name I-object_name I-object_name I-object_name
O O O B-object_type B-object_name I-object_name I-object_name I-object_name I-object_name
O B-object_name I-object_name I-object_name
O O O O O B-object_type O B-object_name I-object_name
O B-object_name I-object_name I-object_name
O O O O O B-object_type B-object_name I-object_name
O O B-object_type I-object_type O B-object_name I-object_name
O B-object_name I-object_name I-object_name I-object_name
